<area shape="rect" href="$class_f3___mailform_plus_plus___abstract_finisher.html" title="F3_MailformPlusPlus_AbstractFinisher" alt="" coords="7,157,263,184">
<area shape="rect" href="$class_f3___mailform_plus_plus___finisher___clear_cache.html" title="F3_MailformPlusPlus_Finisher_ClearCache" alt="" coords="338,5,623,32">
<area shape="rect" href="$class_f3___mailform_plus_plus___finisher___confirmation.html" title="F3_MailformPlusPlus_Finisher_Confirmation" alt="" coords="334,56,627,83">
<area shape="rect" href="$class_f3___mailform_plus_plus___finisher___d_b.html" title="F3_MailformPlusPlus_Finisher_DB" alt="" coords="364,107,596,133">
<area shape="rect" href="$class_f3___mailform_plus_plus___finisher___mail.html" title="F3_MailformPlusPlus_Finisher_Mail" alt="" coords="360,157,600,184">
<area shape="rect" href="$class_f3___mailform_plus_plus___finisher___redirect.html" title="F3_MailformPlusPlus_Finisher_Redirect" alt="" coords="348,208,612,235">
<area shape="rect" href="$class_f3___mailform_plus_plus___finisher___store_g_p.html" title="F3_MailformPlusPlus_Finisher_StoreGP" alt="" coords="347,259,614,285">
<area shape="rect" href="$class_f3___mailform_plus_plus___finisher___store_uploaded_files.html" title="F3_MailformPlusPlus_Finisher_StoreUploadedFiles" alt="" coords="314,309,647,336">
<area shape="rect" href="$class_f3___mailform_plus_plus___finisher___different_d_b.html" title="F3_MailformPlusPlus_Finisher_DifferentDB" alt="" coords="696,107,982,133">
