<area shape="rect" href="$class_f3___mailform_plus_plus___abstract_error_check.html" title="F3_MailformPlusPlus_AbstractErrorCheck" alt="" coords="6,968,283,995">
<area shape="rect" href="$class_f3___mailform_plus_plus___error_check___between_items.html" title="F3_MailformPlusPlus_ErrorCheck_BetweenItems" alt="" coords="348,6,668,32">
<area shape="rect" href="$class_f3___mailform_plus_plus___error_check___between_length.html" title="F3_MailformPlusPlus_ErrorCheck_BetweenLength" alt="" coords="344,56,672,83">
<area shape="rect" href="$class_f3___mailform_plus_plus___error_check___between_value.html" title="F3_MailformPlusPlus_ErrorCheck_BetweenValue" alt="" coords="347,107,670,134">
<area shape="rect" href="$class_f3___mailform_plus_plus___error_check___calculating_captcha.html" title="F3_MailformPlusPlus_ErrorCheck_CalculatingCaptcha" alt="" coords="332,158,684,184">
<area shape="rect" href="$class_f3___mailform_plus_plus___error_check___captcha.html" title="F3_MailformPlusPlus_ErrorCheck_Captcha" alt="" coords="366,208,651,235">
<area shape="rect" href="$class_f3___mailform_plus_plus___error_check___contains_all.html" title="F3_MailformPlusPlus_ErrorCheck_ContainsAll" alt="" coords="356,259,660,286">
<area shape="rect" href="$class_f3___mailform_plus_plus___error_check___contains_none.html" title="F3_MailformPlusPlus_ErrorCheck_ContainsNone" alt="" coords="348,310,668,336">
<area shape="rect" href="$class_f3___mailform_plus_plus___error_check___contains_one.html" title="F3_MailformPlusPlus_ErrorCheck_ContainsOne" alt="" coords="351,360,666,387">
<area shape="rect" href="$class_f3___mailform_plus_plus___error_check___date.html" title="F3_MailformPlusPlus_ErrorCheck_Date" alt="" coords="376,411,640,438">
<area shape="rect" href="$class_f3___mailform_plus_plus___error_check___email.html" title="F3_MailformPlusPlus_ErrorCheck_Email" alt="" coords="374,462,643,488">
<area shape="rect" href="$class_f3___mailform_plus_plus___error_check___equals.html" title="F3_MailformPlusPlus_ErrorCheck_Equals" alt="" coords="370,512,647,539">
<area shape="rect" href="$class_f3___mailform_plus_plus___error_check___equals_field.html" title="F3_MailformPlusPlus_ErrorCheck_EqualsField" alt="" coords="355,563,662,590">
<area shape="rect" href="$class_f3___mailform_plus_plus___error_check___ereg.html" title="F3_MailformPlusPlus_ErrorCheck_Ereg" alt="" coords="376,614,640,640">
<area shape="rect" href="$class_f3___mailform_plus_plus___error_check___eregi.html" title="F3_MailformPlusPlus_ErrorCheck_Eregi" alt="" coords="375,664,642,691">
<area shape="rect" href="$class_f3___mailform_plus_plus___error_check___file_allowed_types.html" title="F3_MailformPlusPlus_ErrorCheck_FileAllowedTypes" alt="" coords="338,715,679,742">
<area shape="rect" href="$class_f3___mailform_plus_plus___error_check___file_max_count.html" title="F3_MailformPlusPlus_ErrorCheck_FileMaxCount" alt="" coords="350,766,667,792">
<area shape="rect" href="$class_f3___mailform_plus_plus___error_check___file_max_size.html" title="F3_MailformPlusPlus_ErrorCheck_FileMaxSize" alt="" coords="354,816,663,843">
<area shape="rect" href="$class_f3___mailform_plus_plus___error_check___file_min_count.html" title="F3_MailformPlusPlus_ErrorCheck_FileMinCount" alt="" coords="351,867,666,894">
<area shape="rect" href="$class_f3___mailform_plus_plus___error_check___file_min_size.html" title="F3_MailformPlusPlus_ErrorCheck_FileMinSize" alt="" coords="356,918,660,944">
<area shape="rect" href="$class_f3___mailform_plus_plus___error_check___file_required.html" title="F3_MailformPlusPlus_ErrorCheck_FileRequired" alt="" coords="352,968,664,995">
<area shape="rect" href="$class_f3___mailform_plus_plus___error_check___float.html" title="F3_MailformPlusPlus_ErrorCheck_Float" alt="" coords="376,1019,640,1046">
<area shape="rect" href="$class_f3___mailform_plus_plus___error_check___integer.html" title="F3_MailformPlusPlus_ErrorCheck_Integer" alt="" coords="370,1070,647,1096">
<area shape="rect" href="$class_f3___mailform_plus_plus___error_check___is_in_d_b_table.html" title="F3_MailformPlusPlus_ErrorCheck_IsInDBTable" alt="" coords="354,1120,663,1147">
<area shape="rect" href="$class_f3___mailform_plus_plus___error_check___is_not_in_d_b_table.html" title="F3_MailformPlusPlus_ErrorCheck_IsNotInDBTable" alt="" coords="343,1171,674,1198">
<area shape="rect" href="$class_f3___mailform_plus_plus___error_check___jm_recaptcha.html" title="F3_MailformPlusPlus_ErrorCheck_JmRecaptcha" alt="" coords="350,1222,667,1248">
<area shape="rect" href="$class_f3___mailform_plus_plus___error_check___math_guard.html" title="F3_MailformPlusPlus_ErrorCheck_MathGuard" alt="" coords="356,1272,660,1299">
<area shape="rect" href="$class_f3___mailform_plus_plus___error_check___max_items.html" title="F3_MailformPlusPlus_ErrorCheck_MaxItems" alt="" coords="362,1323,655,1350">
<area shape="rect" href="$class_f3___mailform_plus_plus___error_check___max_length.html" title="F3_MailformPlusPlus_ErrorCheck_MaxLength" alt="" coords="358,1374,659,1400">
<area shape="rect" href="$class_f3___mailform_plus_plus___error_check___max_value.html" title="F3_MailformPlusPlus_ErrorCheck_MaxValue" alt="" coords="360,1424,656,1451">
<area shape="rect" href="$class_f3___mailform_plus_plus___error_check___min_items.html" title="F3_MailformPlusPlus_ErrorCheck_MinItems" alt="" coords="364,1475,652,1502">
<area shape="rect" href="$class_f3___mailform_plus_plus___error_check___min_length.html" title="F3_MailformPlusPlus_ErrorCheck_MinLength" alt="" coords="359,1526,658,1552">
<area shape="rect" href="$class_f3___mailform_plus_plus___error_check___min_value.html" title="F3_MailformPlusPlus_ErrorCheck_MinValue" alt="" coords="363,1576,654,1603">
<area shape="rect" href="$class_f3___mailform_plus_plus___error_check___not_default_value.html" title="F3_MailformPlusPlus_ErrorCheck_NotDefaultValue" alt="" coords="342,1627,675,1654">
<area shape="rect" href="$class_f3___mailform_plus_plus___error_check___not_equals_field.html" title="F3_MailformPlusPlus_ErrorCheck_NotEqualsField" alt="" coords="344,1678,672,1704">
<area shape="rect" href="$class_f3___mailform_plus_plus___error_check___preg_match.html" title="F3_MailformPlusPlus_ErrorCheck_PregMatch" alt="" coords="359,1728,658,1755">
<area shape="rect" href="$class_f3___mailform_plus_plus___error_check___required.html" title="F3_MailformPlusPlus_ErrorCheck_Required" alt="" coords="363,1779,654,1806">
<area shape="rect" href="$class_f3___mailform_plus_plus___error_check___simple_captcha.html" title="F3_MailformPlusPlus_ErrorCheck_SimpleCaptcha" alt="" coords="346,1830,671,1856">
<area shape="rect" href="$class_f3___mailform_plus_plus___error_check___sr_freecap.html" title="F3_MailformPlusPlus_ErrorCheck_SrFreecap" alt="" coords="359,1880,658,1907">
<area shape="rect" href="$class_f3___mailform_plus_plus___error_check___time.html" title="F3_MailformPlusPlus_ErrorCheck_Time" alt="" coords="376,1931,640,1958">
<area shape="rect" href="$class_f3___mailform_plus_plus___error_check___date_range.html" title="F3_MailformPlusPlus_ErrorCheck_DateRange" alt="" coords="735,411,1036,438">
